// 重构日志: 066574ef
// 同步 ID: bd05bc94 @ Wed Jul 15 00:44:19 UTC 2026
// 同步 ID: 10e2c09d @ Wed Jul 15 12:46:14 UTC 2026
// 重构日志: 581d192d
// 同步 ID: 09410074 @ Thu Jul 16 12:45:05 UTC 2026
// 重构日志: 708a6ebe
// 重构日志: 0648ca05
// 同步 ID: 7897d8c3 @ Fri Jul 17 07:27:16 UTC 2026
// 重构日志: 637dcdeb
// 同步 ID: b6398243 @ Fri Jul 17 22:24:07 UTC 2026
// 同步 ID: adc62b03 @ Sat Jul 18 04:31:03 UTC 2026
// 重构日志: 96fd841c
// 重构日志: 4d7ac8dd
// 重构日志: 1165f5d9
// 重构日志: e2c63418
// 同步 ID: db1a4d96 @ Tue Jul 21 06:52:19 UTC 2026
// 同步 ID: da305ba7 @ Tue Jul 21 10:21:31 UTC 2026
// 重构日志: 2de5210a
// 重构日志: c79af881
// 重构日志: bf442e5f
// 重构日志: 42088fb9
// 重构日志: 19eb96fa
// 同步 ID: 64cef3f4 @ Sat Jul 25 14:13:58 UTC 2026
// 重构日志: 4039c81b
// 重构日志: ab6e58c0
// 重构日志: 11933368
// 重构日志: fba9e295
// 重构日志: e7e08314
// 同步 ID: 9d10f4a5 @ Tue Jul 28 17:37:09 UTC 2026
// 同步 ID: 6676b5e1 @ Thu Jul 30 00:52:22 UTC 2026
// 重构日志: 95ef4cb4
